// Jest Snapshot v1, https://goo.gl/fbAQLP

exports[`<Nav /> renders with children 1`] = `
Array [
  <ul
    className="nav-bar"
    key="nav"
  >
    <li>
      <a
        href="/review"
      >
        Part 1: Review
      </a>
    </li>
    <li>
      <a
        href="/task"
      >
        Part 2: Task
      </a>
    </li>
  </ul>,
  <p>
    a child
  </p>,
]
`;
